I'm sorry, but errors were detected in your script. Please correct the
errors listed below, and try again.


File "game/script01ahri.rpy", line 310: play requires a file
    play music 
               ^

Ren'Py Version: Ren'Py 6.18.3.761
